#-----------------------------------------------------------
# Vivado v2020.1 (64-bit)
# SW Build 2902540 on Wed May 27 19:54:35 MDT 2020
# IP Build 2902112 on Wed May 27 22:43:36 MDT 2020
# Start of session at: Mon Oct  2 12:41:35 2023
# Process ID: 505829
# Current directory: /home/tjfriedl/Desktop/cpre_487/lab3/cpre487-587-lab3-main
# Command line: vivado
# Log file: /home/tjfriedl/Desktop/cpre_487/lab3/cpre487-587-lab3-main/vivado.log
# Journal file: /home/tjfriedl/Desktop/cpre_487/lab3/cpre487-587-lab3-main/vivado.jou
#-----------------------------------------------------------
start_gui
ls
cd hw/staged_mac/vivado/
source tc_mac_ip.tcl
ls
source tc_staged_mac_ip.tcl
open_project /home/tjfriedl/Desktop/cpre_487/lab3/cpre487-587-lab3-main/hw/staged_mac/vivado/tc_staged_mac/tc_staged_mac.xpr
update_compile_order -fileset sources_1
ipx::open_ipxact_file /home/tjfriedl/Desktop/cpre_487/lab3/cpre487-587-lab3-main/hw/staged_mac/component.xml
ipx::unload_core /home/tjfriedl/Desktop/cpre_487/lab3/cpre487-587-lab3-main/hw/staged_mac/component.xml
